src/application/command/policies/emotion_policy.rs:142:        let rel = Relationship::neutral("alice", "bob");
src/application/command/policies/guide_policy.rs:157:        let rel = Relationship::neutral("alice", "bob");
src/application/command/policies/guide_policy.rs:176:        let rel = Relationship::neutral("alice", "bob");
src/application/command/policies/relationship_policy.rs:386:        let rel = Relationship::neutral("alice", "bob");
src/application/command/policies/relationship_policy.rs:418:        let rel = Relationship::neutral("alice", "bob");
src/application/command/policies/relationship_policy.rs:433:        let rel = Relationship::neutral("alice", "charlie");
src/application/command/policies/relationship_policy.rs:561:        let rel = Relationship::neutral("alice", "bob");
src/application/command/policies/relationship_policy.rs:594:        let rel = Relationship::neutral("alice", "bob");
src/application/command/policies/relationship_policy.rs:627:        let rel = Relationship::neutral("alice", "bob");
src/application/command/policies/scene_policy.rs:201:        let rel = Relationship::neutral("alice", "bob");
src/application/command/policies/scene_policy.rs:228:        let rel = Relationship::neutral("alice", "bob");
src/application/command/policies/stimulus_policy.rs:294:        let rel = Relationship::neutral("alice", "bob");
src/application/command/policies/stimulus_policy.rs:317:        let rel = Relationship::neutral("alice", "bob");
src/application/command/policies/stimulus_policy.rs:383:        let rel = Relationship::neutral("alice", "bob");
src/application/command/policies/stimulus_policy.rs:424:        let rel_bob = Relationship::neutral("alice", "bob");
src/application/command/policies/stimulus_policy.rs:425:        let rel_charlie = Relationship::neutral("alice", "charlie");
src/application/command/telling_ingestion_handler.rs:266:            .with_relationship(Relationship::neutral("pupil", "sage"));
src/application/command/telling_ingestion_handler.rs:286:            .with_relationship(Relationship::neutral("final", "relay"));
src/application/command/telling_ingestion_handler.rs:364:            .with_relationship(Relationship::neutral("pupil", "sage"));
src/domain/relationship/mod.rs:311:        let r = Relationship::neutral("a", "b");
src/domain/relationship/mod.rs:325:        let mut r = Relationship::neutral("a", "b");
src/domain/relationship/mod.rs:385:        let r = Relationship::neutral("a", "b");
tests/common/mod.rs:96:    Relationship::neutral("npc", "test")
tests/common/mod.rs:121:        repo.add_relationship(Relationship::neutral("mu_baek", "gyo_ryong"));
tests/director_test.rs:51:    repo.add_relationship(Relationship::neutral("mu_baek", "gyo_ryong"));
tests/director_test.rs:52:    repo.add_relationship(Relationship::neutral("gyo_ryong", "mu_baek"));
tests/director_test.rs:53:    repo.add_relationship(Relationship::neutral("mu_baek", "su_ryeon"));
tests/director_test.rs:54:    repo.add_relationship(Relationship::neutral("su_ryeon", "mu_baek"));
tests/director_test.rs:411:    repo.add_relationship(Relationship::neutral("mu_baek", "gyo_ryong"));
tests/director_test.rs:412:    repo.add_relationship(Relationship::neutral("gyo_ryong", "mu_baek"));
tests/director_test.rs:413:    repo.add_relationship(Relationship::neutral("mu_baek", "su_ryeon"));
tests/director_test.rs:414:    repo.add_relationship(Relationship::neutral("su_ryeon", "mu_baek"));
tests/embed_test.rs:138:    let rel = Relationship::neutral("gyo", "target");
tests/emotion_test.rs:305:    let stranger = Relationship::neutral("gyo_ryong", "stranger");
tests/emotion_test.rs:350:    let distant = Relationship::neutral("mu_baek", "distant");
tests/emotion_test.rs:404:    let nobody = Relationship::neutral("gyo_ryong", "nobody");
tests/emotion_test.rs:849:    let distant = Relationship::neutral("mu_baek", "distant");
tests/emotion_test.rs:869:    let distant = Relationship::neutral("mu_baek", "distant");
tests/emotion_test.rs:891:    let distant = Relationship::neutral("mu_baek", "distant");
tests/emotion_test.rs:911:    let distant = Relationship::neutral("mu_baek", "distant");
tests/emotion_test.rs:933:    let distant = Relationship::neutral("mu_baek", "distant");
tests/emotion_test.rs:977:    let distant = Relationship::neutral("mu_baek", "distant");
tests/emotion_test.rs:1023:    let distant = Relationship::neutral("mu_baek", "distant");
tests/emotion_test.rs:1042:    let distant = Relationship::neutral("gyo_ryong", "distant");
tests/memory_consolidation_test.rs:70:    repo.add_relationship(Relationship::neutral("alice", "bob"));
tests/memory_consolidation_test.rs:71:    repo.add_relationship(Relationship::neutral("bob", "alice"));
tests/memory_relationship_cause_test.rs:56:    repo.add_relationship(Relationship::neutral("alice", "bob"));
tests/memory_relationship_cause_test.rs:57:    repo.add_relationship(Relationship::neutral("bob", "alice"));
tests/memory_relationship_cause_test.rs:270:    repo.add_relationship(Relationship::neutral("alice", "bob"));
tests/memory_relationship_cause_test.rs:271:    repo.add_relationship(Relationship::neutral("bob", "alice"));
tests/memory_telling_test.rs:45:    repo.add_relationship(Relationship::neutral("pupil", "sage"));
tests/memory_telling_test.rs:46:    repo.add_relationship(Relationship::neutral("wanderer", "sage"));
tests/memory_telling_test.rs:47:    repo.add_relationship(Relationship::neutral("final_listener", "relay"));
tests/memory_telling_test.rs:125:    repo.add_relationship(Relationship::neutral("pupil", "sage"));
tests/memory_telling_test.rs:160:    repo.add_relationship(Relationship::neutral("final_listener", "relay"));
tests/orchestrator_error_propagation_test.rs:89:        repo.add_relationship(npc_mind::domain::relationship::Relationship::neutral("alice", "bob"));
tests/orchestrator_error_propagation_test.rs:141:        repo.add_relationship(npc_mind::domain::relationship::Relationship::neutral("alice", "bob"));
tests/phase1_bench_test.rs:100:    repo.add_relationship(npc_mind::domain::relationship::Relationship::neutral(
tests/phase1_real_llm_test.rs:232:    repo.add_relationship(Relationship::neutral(scenario.npc_id, scenario.partner_id));
tests/relationship_test.rs:24:    let rel = Relationship::neutral("npc_a", "mu_baek");
tests/relationship_test.rs:72:    let rel = Relationship::neutral("mu_baek", "stranger");
tests/relationship_test.rs:113:    let rel = Relationship::neutral("mu_baek", "stranger");
